// Jest Snapshot v1, https://goo.gl/fbAQLP

exports[`DefaultQuickEditBar should renders correctly 1`] = `
.c5 {
  -webkit-clip-path: inset(100%);
  border: 0;
  clip: rect(0 0 0 0);
  clip-path: inset(100%);
  height: 1px;
  margin: -1px!important;
  min-height: 1px;
  overflow: hidden;
  padding: 0;
  position: absolute;
  top: 0;
  width: 1px;
}

.c5 * {
  width: 1px;
  height: 1px;
}

.c14 {
  -webkit-clip-path: inset(100%);
  border: 0;
  clip: rect(0 0 0 0);
  clip-path: inset(100%);
  height: 1px;
  margin: -1px!important;
  min-height: 1px;
  overflow: hidden;
  padding: 0;
  position: absolute;
  top: 0;
  width: 1px;
  display: none;
}

.c14 * {
  width: 1px;
  height: 1px;
}

.c3 {
  box-sizing: border-box;
  color: #7F8C9B;
  display: inline-block;
  direction: ltr;
  font-family: Material Icons;
  font-size: 1rem;
  font-style: normal;
  font-weight: 400;
  letter-spacing: normal;
  line-height: 1;
  text-transform: none;
  white-space: nowrap;
  word-wrap: normal;
  -webkit-font-smoothing: antialiased;
  text-rendering: optimizeLegibility;
  -moz-osx-font-smoothing: grayscale;
  font-feature-settings: "liga";
}

.c3 >span {
  display: inline-block;
}

.c3.c3 {
  max-width: unset;
}

.c24 {
  align-items: center;
  border: 2px solid transparent;
  cursor: pointer;
  display: inline-flex;
  justify-content: center;
  font-family: "Open Sans",sans-serif;
  font-size: 0.75rem;
  font-weight: 700;
  gap: 4px;
  outline: none;
  position: relative;
  text-transform: uppercase;
  min-height: 32px;
  vertical-align: middle;
  border-radius: 50%;
  flex-shrink: 0;
  font-size: 1.125rem;
  height: 2rem;
  min-height: 0;
  padding: 0;
  width: 2rem;
  background: transparent;
  color: #0568ae;
  background: transparent;
  color: #c91d1d;
  border: 2px solid #e2e6e9;
  border-radius: 50%;
  box-shadow: none;
  background: #fff;
  color: #0568ae;
  background: #fff;
  color: #c91d1d;
}

.c24 .c2 {
  user-select: none;
  -webkit-user-select: none;
}

.c24 .c2 {
  color: inherit;
}

.c24 .c2 {
  font-size: inherit;
}

.c24:not(:disabled):focus {
  outline: 1px dotted #333;
  background-color: transparent;
  box-shadow: none;
  color: #d50075;
  border: 2px solid #d50075;
}

.c24:not(:disabled):focus {
  background-color: transparent;
  box-shadow: none;
  color: #d50075;
  border: 2px solid #d50075;
}

.c24:not(:disabled):focus {
  background-color: #fff;
  box-shadow: none;
  color: #d50075;
  border: 2px solid #d50075;
}

.c24:not(:disabled):focus {
  background-color: #fff;
  box-shadow: none;
  color: #d50075;
  border: 2px solid #d50075;
}

.h_inlineBlock.h_middleAlign .c24.c24 {
  display: block;
  height: auto;
  min-height: 0;
}

.h_inlineBlock.h_middleAlign .c24.c24 >.c2 {
  display: block;
}

.c25 {
  align-items: center;
  border: 2px solid transparent;
  cursor: pointer;
  display: inline-flex;
  justify-content: center;
  font-family: "Open Sans",sans-serif;
  font-size: 0.75rem;
  font-weight: 700;
  gap: 4px;
  outline: none;
  position: relative;
  text-transform: uppercase;
  min-height: 32px;
  vertical-align: middle;
  border-radius: 50%;
  flex-shrink: 0;
  font-size: 1.125rem;
  height: 2rem;
  min-height: 0;
  padding: 0;
  width: 2rem;
  background: transparent;
  color: #0568ae;
  border: 2px solid #e2e6e9;
  border-radius: 50%;
  box-shadow: none;
  background: #fff;
  color: #0568ae;
}

.c25 .c2 {
  user-select: none;
  -webkit-user-select: none;
}

.c25 .c2 {
  color: inherit;
}

.c25 .c2 {
  font-size: inherit;
}

.c25:not(:disabled):focus {
  outline: 1px dotted #333;
  background-color: transparent;
  box-shadow: none;
  color: #d50075;
  border: 2px solid #d50075;
}

.c25:not(:disabled):focus {
  background-color: #fff;
  box-shadow: none;
  color: #d50075;
  border: 2px solid #d50075;
}

.h_inlineBlock.h_middleAlign .c25.c25 {
  display: block;
  height: auto;
  min-height: 0;
}

.h_inlineBlock.h_middleAlign .c25.c25 >.c2 {
  display: block;
}

.c13 {
  color: #4d4d4d;
  display: inline-block;
  font-family: "Open Sans",sans-serif;
  font-size: 0.75rem;
  font-weight: 600;
  line-height: 1.45;
  text-transform: none;
  margin: 0 0 4px 0;
  align-self: center;
  -webkit-clip-path: inset(100%);
  border: 0;
  clip: rect(0 0 0 0);
  clip-path: inset(100%);
  height: 1px;
  margin: -1px!important;
  min-height: 1px;
  overflow: hidden;
  padding: 0;
  position: absolute;
  top: 0;
  width: 1px;
}

.c13:empty {
  display: none;
}

.c13 * {
  width: 1px;
  height: 1px;
}

.c20 {
  align-items: center;
  background-color: #e2e6e9;
  border-bottom-right-radius: 0;
  border-top-right-radius: 0;
  color: inherit;
  display: flex;
  flex-shrink: 0;
  flex-grow: 1;
  font-size: 0.75rem;
  height: 100%;
  justify-content: center;
  min-width: 32px;
  padding: 0 4px;
}

.c18 {
  align-items: center;
  background-color: transparent;
  display: flex;
  flex-shrink: 0;
  justify-content: center;
  min-width: 32px;
  margin-left: -12px;
}

.c18:last-child {
  border-bottom-right-radius: 0;
  border-top-right-radius: 0;
}

.c18 .c19 {
  margin: 0 0 0 12px;
}

.c17 {
  background-color: transparent;
  border: none;
  box-sizing: border-box;
  color: inherit;
  flex-grow: 1;
  font-style: inherit;
  font-weight: inherit;
  font-family: inherit;
  font-size: 100%;
  line-height: 1.45;
  outline: none;
  padding: 0 12px;
  text-align: right;
  text-overflow: ellipsis;
  text-transform: inherit;
  min-width: 0;
  width: 100%;
}

.c17::placeholder {
  font-style: italic;
  color: #596673;
  opacity: 1;
}

.c15 {
  background-color: #f1f2f4;
  border: none;
  border-radius: 0;
  box-shadow: 0 1px 0 0 #596673;
  color: #4d4d4d;
  display: flex;
  font-family: "Open Sans",sans-serif;
  font-size: 0.75rem;
  font-weight: 400;
  outline: 1px solid transparent;
  height: 32px;
}

.c15 .c23 {
  border-radius: 0;
}

.c21 {
  background-color: #f1f2f4;
  border: none;
  border-radius: 0;
  box-shadow: 0 1px 0 0 #596673;
  color: #4d4d4d;
  display: flex;
  font-family: "Open Sans",sans-serif;
  font-size: 0.75rem;
  font-weight: 400;
  outline: 1px solid transparent;
  height: 32px;
  background-color: #f1f2f4;
  box-shadow: none;
}

.c21 .c23 {
  border-radius: 0;
}

.c6 {
  display: inline-flex;
  overflow-wrap: break-word;
  word-break: break-word;
  flex-direction: column;
  display: flex;
  width: 100%;
}

.c6 .c8 {
  display: flex;
  width: 100%;
}

.c6 * {
  max-width: 100%;
}

.c11 {
  box-sizing: border-box;
  flex-grow: 1;
  width: 100%;
}

.c11 >.StyledTooltipWrapper-sc-bqyqat {
  margin: 0 4px 4px 0;
}

.c11 .c12 {
  display: block;
  width: fit-content;
}

.c9 {
  display: inline-flex;
}

.c9 .c10 {
  flex-basis: 160px;
  flex-grow: 1;
  flex-shrink: 1;
  max-width: 100%;
}

.c16 {
  border: 0;
  clip: rect(0 0 0 0);
  clip-path: inset(100%);
  height: 0;
  overflow: hidden;
  padding: 0;
  position: absolute;
  width: 0;
}

.c0 {
  display: flex;
  gap: 12px;
}

.c0 input::-webkit-outer-spin-button,
.c0 input::-webkit-inner-spin-button {
  -webkit-appearance: none;
  margin: 0;
}

.c0 input[type="number"] {
  -moz-appearance: textfield;
}

.c22 {
  display: flex;
  gap: 6px;
}

.c1 {
  display: flex;
  align-items: center;
  gap: 2px;
}

.c4 {
  color: #4d4d4d;
}

.c7 {
  width: 75px;
}

@media (pointer: coarse) {
  .c24:not(:disabled):active {
    -webkit-tap-highlight-color: rgba(0,0,0,0);
    background-color: transparent;
    box-shadow: none;
    color: #d50075;
    border: 2px solid #d50075;
  }
}

@media (pointer: fine) {
  .c24:not(:disabled):hover {
    background-color: transparent;
    box-shadow: none;
    color: #d50075;
    border: 2px solid #d50075;
  }
}

@media (pointer: coarse) {
  .c24:not(:disabled):active {
    -webkit-tap-highlight-color: rgba(0,0,0,0);
    background-color: transparent;
    box-shadow: none;
    color: #d50075;
    border: 2px solid #d50075;
  }
}

@media (pointer: fine) {
  .c24:not(:disabled):hover {
    background-color: transparent;
    box-shadow: none;
    color: #d50075;
    border: 2px solid #d50075;
  }
}

@media (pointer: fine) {
  .c24:hover {
    outline: 1px solid transparent;
  }
}

@media (pointer: coarse) {

}

@media (pointer: fine) {

}

@media (pointer: coarse) {
  .c24:not(:disabled):active {
    -webkit-tap-highlight-color: rgba(0,0,0,0);
    background-color: #fff;
    box-shadow: none;
    color: #d50075;
    border: 2px solid #d50075;
  }
}

@media (pointer: fine) {
  .c24:not(:disabled):hover {
    background-color: #fff;
    box-shadow: none;
    color: #d50075;
    border: 2px solid #d50075;
  }
}

@media (pointer: coarse) {
  .c24:not(:disabled):active {
    -webkit-tap-highlight-color: rgba(0,0,0,0);
    background-color: #fff;
    box-shadow: none;
    color: #d50075;
    border: 2px solid #d50075;
  }
}

@media (pointer: fine) {
  .c24:not(:disabled):hover {
    background-color: #fff;
    box-shadow: none;
    color: #d50075;
    border: 2px solid #d50075;
  }
}

@media (pointer: coarse) {
  .c25:not(:disabled):active {
    -webkit-tap-highlight-color: rgba(0,0,0,0);
    background-color: transparent;
    box-shadow: none;
    color: #d50075;
    border: 2px solid #d50075;
  }
}

@media (pointer: fine) {
  .c25:not(:disabled):hover {
    background-color: transparent;
    box-shadow: none;
    color: #d50075;
    border: 2px solid #d50075;
  }
}

@media (pointer: fine) {
  .c25:hover {
    outline: 1px solid transparent;
  }
}

@media (pointer: coarse) {

}

@media (pointer: fine) {

}

@media (pointer: coarse) {
  .c25:not(:disabled):active {
    -webkit-tap-highlight-color: rgba(0,0,0,0);
    background-color: #fff;
    box-shadow: none;
    color: #d50075;
    border: 2px solid #d50075;
  }
}

@media (pointer: fine) {
  .c25:not(:disabled):hover {
    background-color: #fff;
    box-shadow: none;
    color: #d50075;
    border: 2px solid #d50075;
  }
}

@media (pointer: coarse) {
  .c15:active {
    -webkit-tap-highlight-color: rgba(0,0,0,0);
    box-shadow: 0 2px 0 0 #d50075;
  }
}

@media (pointer: fine) {
  .c15:hover {
    box-shadow: 0 2px 0 0 #d50075;
  }
}

<div>
  <div
    class="c0"
  >
    <div
      class="c1"
    >
      <i
        class="c2 c3 plasma-icon c4"
        data-role="plasma-icon"
        title="Position top"
      >
        <span
          aria-hidden="true"
        >
          north
        </span>
        <span
          class="c5 -u-unseenButRead"
          data-role="hidden-text"
        >
          Position top
        </span>
      </i>
      <div
        class="c6 field-wrapper field-wrapper--block c7"
        data-role="textline"
      >
        <div
          class="c8 c9 field__main"
        >
          <div
            class="c10 c11 field"
            data-role="textline-control"
          >
            <label
              class="c12 c13 label field__label -u-unseenButRead"
              data-disabled="false"
              data-role="textline-label"
            >
              Position top
              <span
                class="c14 -u-unseenButRead"
                data-role="hidden-text"
              >
                , Top
              </span>
            </label>
            <div
              class="c15 field__input"
              data-disabled="false"
              data-readonly="false"
              data-role="textline-input-wrapper"
            >
              <span
                class="c16 supported-unseen-span"
              />
              <input
                class="c17 field__text field__text--align-right"
                data-role="textline-input"
                min="0"
                placeholder="Top"
                required=""
                step="0.1"
                type="number"
                value="0"
              />
              <span
                class="c16 supported-unseen-span"
              />
              <div
                class="c18 field__suffix field__suffix--first -u-background-transparent"
                data-role="textline-suffix-0"
              >
                <div
                  class="c19 c20 field__affix-text"
                  data-role="textline-text-affix"
                  title="cm"
                >
                  <span>
                    cm
                  </span>
                </div>
              </div>
            </div>
          </div>
        </div>
      </div>
    </div>
    <div
      class="c1"
    >
      <i
        class="c2 c3 plasma-icon c4"
        data-role="plasma-icon"
        title="Position left"
      >
        <span
          aria-hidden="true"
        >
          west
        </span>
        <span
          class="c5 -u-unseenButRead"
          data-role="hidden-text"
        >
          Position left
        </span>
      </i>
      <div
        class="c6 field-wrapper field-wrapper--block c7"
        data-role="textline"
      >
        <div
          class="c8 c9 field__main"
        >
          <div
            class="c10 c11 field"
            data-role="textline-control"
          >
            <label
              class="c12 c13 label field__label -u-unseenButRead"
              data-disabled="false"
              data-role="textline-label"
            >
              Position left
              <span
                class="c14 -u-unseenButRead"
                data-role="hidden-text"
              >
                , Left
              </span>
            </label>
            <div
              class="c15 field__input"
              data-disabled="false"
              data-readonly="false"
              data-role="textline-input-wrapper"
            >
              <span
                class="c16 supported-unseen-span"
              />
              <input
                class="c17 field__text field__text--align-right"
                data-role="textline-input"
                max="297"
                min="0"
                placeholder="Left"
                required=""
                step="0.1"
                type="number"
                value="0"
              />
              <span
                class="c16 supported-unseen-span"
              />
              <div
                class="c18 field__suffix field__suffix--first -u-background-transparent"
                data-role="textline-suffix-0"
              >
                <div
                  class="c19 c20 field__affix-text"
                  data-role="textline-text-affix"
                  title="cm"
                >
                  <span>
                    cm
                  </span>
                </div>
              </div>
            </div>
          </div>
        </div>
      </div>
    </div>
    <div
      class="c1"
    >
      <i
        class="c2 c3 plasma-icon c4"
        data-role="plasma-icon"
        title="Width"
      >
        <span
          aria-hidden="true"
        >
          settings_ethernet
        </span>
        <span
          class="c5 -u-unseenButRead"
          data-role="hidden-text"
        >
          Width
        </span>
      </i>
      <div
        class="c6 field-wrapper field-wrapper--block c7"
        data-role="textline"
      >
        <div
          class="c8 c9 field__main"
        >
          <div
            class="c10 c11 field"
            data-role="textline-control"
          >
            <label
              class="c12 c13 label field__label -u-unseenButRead"
              data-disabled="false"
              data-role="textline-label"
            >
              Width
              <span
                class="c14 -u-unseenButRead"
                data-role="hidden-text"
              >
                , Width
              </span>
            </label>
            <div
              class="c15 field__input"
              data-disabled="false"
              data-readonly="false"
              data-role="textline-input-wrapper"
            >
              <span
                class="c16 supported-unseen-span"
              />
              <input
                class="c17 field__text field__text--align-right"
                data-role="textline-input"
                min="0"
                placeholder="Width"
                required=""
                step="0.1"
                type="number"
                value="0.1"
              />
              <span
                class="c16 supported-unseen-span"
              />
              <div
                class="c18 field__suffix field__suffix--first -u-background-transparent"
                data-role="textline-suffix-0"
              >
                <div
                  class="c19 c20 field__affix-text"
                  data-role="textline-text-affix"
                  title="cm"
                >
                  <span>
                    cm
                  </span>
                </div>
              </div>
            </div>
          </div>
        </div>
      </div>
    </div>
    <div
      class="c1"
    >
      <i
        class="c2 c3 plasma-icon c4"
        data-role="plasma-icon"
        title="Height"
      >
        <span
          aria-hidden="true"
        >
          height
        </span>
        <span
          class="c5 -u-unseenButRead"
          data-role="hidden-text"
        >
          Height
        </span>
      </i>
      <div
        class="c6 field-wrapper field-wrapper--block c7"
        data-role="textline"
      >
        <div
          class="c8 c9 field__main"
        >
          <div
            class="c10 c11 field"
            data-role="textline-control"
          >
            <label
              class="c12 c13 label field__label -u-unseenButRead"
              data-disabled="false"
              data-role="textline-label"
            >
              Height
              <span
                class="c14 -u-unseenButRead"
                data-role="hidden-text"
              >
                , Height
              </span>
            </label>
            <div
              class="c21 field__input field__input--readonly"
              data-disabled="false"
              data-readonly="true"
              data-role="textline-input-wrapper"
            >
              <span
                class="c16 supported-unseen-span"
              />
              <input
                class="c17 field__text field__text--align-right"
                data-role="textline-input"
                min="0"
                placeholder="Height"
                readonly=""
                required=""
                step="0.1"
                type="number"
                value="0.1"
              />
              <span
                class="c16 supported-unseen-span"
              />
              <div
                class="c18 field__suffix field__suffix--first -u-background-transparent"
                data-role="textline-suffix-0"
              >
                <div
                  class="c19 c20 field__affix-text"
                  data-role="textline-text-affix"
                  title="cm"
                >
                  <span>
                    cm
                  </span>
                </div>
              </div>
            </div>
          </div>
        </div>
      </div>
    </div>
    <div
      class="c22"
    >
      <button
        aria-label="Delete selected elements"
        class="c23 c24 button button--icon button--destructive button--secondary"
        data-role="button"
        data-type="icon"
        data-variant-type="secondary"
        title="Delete selected elements"
        type="button"
      >
        <i
          class="c2 c3 plasma-icon"
          data-role="plasma-icon"
        >
          <span
            aria-hidden="true"
          >
            delete
          </span>
        </i>
      </button>
      <button
        aria-label="Copy selected elements"
        class="c23 c25 button button--icon button--secondary"
        data-role="button"
        data-type="icon"
        data-variant-type="secondary"
        title="Copy selected elements"
        type="button"
      >
        <i
          class="c2 c3 plasma-icon"
          data-role="plasma-icon"
        >
          <span
            aria-hidden="true"
          >
            content_copy
          </span>
        </i>
      </button>
      <button
        aria-label="Group selected elements into Area"
        class="c23 c25 button button--icon button--secondary"
        data-role="button"
        data-type="icon"
        data-variant-type="secondary"
        title="Group selected elements into Area"
        type="button"
      >
        <i
          class="c2 c3 plasma-icon"
          data-role="plasma-icon"
        >
          <span
            aria-hidden="true"
          >
            padding
          </span>
        </i>
      </button>
    </div>
    <button
      aria-label="Open Detail Edit"
      class="c23 c25 button button--icon button--secondary"
      data-role="button"
      data-type="icon"
      data-variant-type="secondary"
      title="Open Detail Edit"
      type="button"
    >
      <i
        class="c2 c3 plasma-icon"
        data-role="plasma-icon"
      >
        <span
          aria-hidden="true"
        >
          edit_note
        </span>
      </i>
    </button>
  </div>
  ,
</div>
`;
