// Jest Snapshot v1, https://goo.gl/fbAQLP

exports[`validateDocumentModelReferences should have errors in all paths 1`] = `
{
  "content": {
    "elementDefinitions": [
      {},
      {
        "field": {
          "path": {
            "@error": [
              "The path 'Person/person/date' can not be resolved in the Document Model (Person)",
            ],
          },
        },
      },
      {
        "calculation": {
          "computationAlternatives": [
            {
              "operation": {
                "@error": [
                  "The path 'Person/person/date' can not be resolved in the Document Model (Person)",
                ],
              },
            },
          ],
        },
      },
      {},
      {
        "table": {
          "basePath": {
            "@error": [
              "The path 'Person/person' can not be resolved in the Document Model (Person)",
            ],
          },
        },
      },
      {
        "field": {
          "path": {
            "@error": [
              "The path 'Person/person/name1' can not be resolved in the Document Model (Person)",
            ],
          },
        },
      },
      {
        "expression": {
          "model": {
            "basePath": {
              "@error": [
                "The path 'Person/person' can not be resolved in the Document Model (Person)",
              ],
            },
          },
        },
      },
      {
        "image": {
          "fieldSource": {
            "path": {
              "@error": [
                "The path 'Person/person/date' can not be resolved in the Document Model (Person)",
              ],
            },
          },
        },
      },
      {
        "listing": {
          "basePath": {
            "@error": [
              "The path 'Person/person/address' can not be resolved in the Document Model (Person)",
            ],
          },
          "columns": [
            {
              "default": {
                "propertyComputations": [
                  {
                    "computationAlternatives": [
                      {
                        "operation": {
                          "@error": [
                            "The path 'value' can not be resolved in the Document Model (Person)",
                          ],
                        },
                        "precondition": {
                          "@error": [
                            "The path 'Person/person/date' can not be resolved in the Document Model (Person)",
                          ],
                        },
                      },
                    ],
                  },
                ],
                "valueComputationAlternatives": [
                  {
                    "operation": {
                      "@error": [
                        "The path 'value' can not be resolved in the Document Model (Person)",
                      ],
                    },
                  },
                ],
              },
              "field": [
                {
                  "propertyComputations": [
                    {
                      "computationAlternatives": [
                        {
                          "operation": {
                            "@error": [
                              "The path 'value' can not be resolved in the Document Model (Person)",
                            ],
                          },
                          "precondition": {
                            "@error": [
                              "The path 'Person/person/date' can not be resolved in the Document Model (Person)",
                            ],
                          },
                        },
                      ],
                    },
                  ],
                  "valueComputationAlternatives": [
                    {
                      "operation": {
                        "@error": [
                          "The path 'value' can not be resolved in the Document Model (Person)",
                        ],
                      },
                      "precondition": {
                        "@error": [
                          "The path 'Person/person/date' can not be resolved in the Document Model (Person)",
                        ],
                      },
                    },
                  ],
                },
              ],
              "group": {
                "propertyComputations": [
                  {
                    "computationAlternatives": [
                      {
                        "operation": {
                          "@error": [
                            "The path 'value' can not be resolved in the Document Model (Person)",
                          ],
                        },
                        "precondition": {
                          "@error": [
                            "The path 'Person/person/date' can not be resolved in the Document Model (Person)",
                          ],
                        },
                      },
                    ],
                  },
                ],
                "valueComputationAlternatives": [
                  {
                    "operation": {
                      "@error": [
                        "The path 'value' can not be resolved in the Document Model (Person)",
                      ],
                    },
                    "precondition": {
                      "@error": [
                        "The path 'Person/person/date' can not be resolved in the Document Model (Person)",
                      ],
                    },
                  },
                ],
              },
            },
            {
              "default": {
                "valueComputationAlternatives": [
                  {
                    "operation": {
                      "@error": [
                        "The path 'Person/person/repeat/name' can not be resolved in the Document Model (Person)",
                      ],
                    },
                    "precondition": {
                      "@error": [
                        "The path 'Person/person/repeat/name' can not be resolved in the Document Model (Person)",
                      ],
                    },
                  },
                ],
              },
            },
            {
              "default": {
                "valueComputationAlternatives": [
                  {
                    "operation": {
                      "@error": [
                        "The path 'Person/person/name1' can not be resolved in the Document Model (Person)",
                      ],
                    },
                    "precondition": {
                      "@error": [
                        "The path 'Person/person/name1' can not be resolved in the Document Model (Person)",
                      ],
                    },
                  },
                ],
              },
            },
          ],
          "rowPropertyComputations": [
            {
              "computationAlternatives": [
                {
                  "operation": {
                    "@error": [
                      "The path 'value' can not be resolved in the Document Model (Person)",
                    ],
                  },
                  "precondition": {
                    "@error": [
                      "The path 'Person/person/date' can not be resolved in the Document Model (Person)",
                    ],
                  },
                },
              ],
            },
          ],
        },
      },
      {},
      {},
      {
        "field": {
          "path": {
            "@error": [
              "The path 'Person/person/name1' can not be resolved in the Document Model (Person)",
            ],
          },
        },
      },
      {},
      {
        "calculation": {
          "computationAlternatives": [
            {
              "operation": {
                "@error": [
                  "The path 'Person/person/date' can not be resolved in the Document Model (Person)",
                ],
              },
            },
          ],
        },
      },
      {
        "lineChart": {
          "basePath": {
            "@error": [
              "The path 'Person/person/repeat' can not be resolved in the Document Model (Person)",
            ],
          },
          "data": [
            {
              "valueField": {
                "@error": [
                  "The path 'Person/person/repeat/name' can not be resolved in the Document Model (Person)",
                ],
              },
            },
            {
              "valueField": {
                "@error": [
                  "The path 'Person/person/repeat/name' can not be resolved in the Document Model (Person)",
                ],
              },
            },
          ],
        },
      },
      {
        "pieChart": {
          "basePath": {
            "@error": [
              "The path 'Person/person/repeat' can not be resolved in the Document Model (Person)",
            ],
          },
          "data": {
            "keyField": {
              "@error": [
                "The path 'Person/person/repeat/name' can not be resolved in the Document Model (Person)",
              ],
            },
            "valueField": {
              "@error": [
                "The path 'Person/person/repeat/name' can not be resolved in the Document Model (Person)",
              ],
            },
          },
        },
      },
      {},
      {},
      {
        "switch": {
          "cases": [
            {
              "precondition": {
                "@error": [
                  "The path 'Person/person/date' can not be resolved in the Document Model (Person)",
                ],
              },
            },
            {
              "precondition": {
                "@error": [
                  "The path 'Person/person/name1' can not be resolved in the Document Model (Person)",
                ],
              },
            },
          ],
        },
      },
      {},
      {},
      {},
      {
        "field": {
          "path": {
            "@error": [
              "The path 'Person/person/name1' can not be resolved in the Document Model (Person)",
            ],
          },
        },
      },
      {
        "calculation": {
          "computationAlternatives": [
            {
              "operation": {
                "@error": [
                  "The path 'Person/person/name1' can not be resolved in the Document Model (Person)",
                ],
              },
              "precondition": {
                "@error": [
                  "The path 'Person/person/date' can not be resolved in the Document Model (Person)",
                ],
              },
            },
          ],
        },
      },
      {
        "barChart": {
          "basePath": {
            "@error": [
              "The path 'Person/person/repeat' can not be resolved in the Document Model (Person)",
            ],
          },
          "data": [
            {
              "keyField": {
                "@error": [
                  "The path 'Person/person/repeat/name' can not be resolved in the Document Model (Person)",
                ],
              },
              "valueField": {
                "@error": [
                  "The path 'Person/person/repeat/name' can not be resolved in the Document Model (Person)",
                ],
              },
            },
          ],
        },
      },
      {
        "area": {
          "dataContexts": [
            {
              "path": {
                "@error": [
                  "The path 'Person/person/repeat' can not be resolved in the Document Model (Person)",
                ],
              },
            },
          ],
        },
      },
      {},
      {
        "field": {
          "path": {
            "@error": [
              "The path 'Person/person/repeat/name' can not be resolved in the Document Model (Person)",
            ],
          },
        },
      },
      {
        "calculation": {
          "computationAlternatives": [
            {
              "operation": {
                "@error": [
                  "The path 'Person/person/date' can not be resolved in the Document Model (Person)",
                ],
              },
              "precondition": {
                "@error": [
                  "The path 'Person/person/date' can not be resolved in the Document Model (Person)",
                ],
              },
            },
          ],
        },
      },
      {
        "expression": {
          "model": {
            "basePath": {
              "@error": [
                "The path 'Person/' can not be resolved in the Document Model (Person)",
              ],
            },
          },
        },
      },
      {},
      {
        "field": {
          "path": {
            "@error": [
              "The path 'Person/person/repeat/name' can not be resolved in the Document Model (Person)",
            ],
          },
        },
      },
      {
        "calculation": {
          "computationAlternatives": [
            {
              "operation": {
                "@error": [
                  "The path 'Person/person/repeat/name' can not be resolved in the Document Model (Person)",
                ],
              },
              "precondition": {
                "@error": [
                  "The path 'Person/person/date' can not be resolved in the Document Model (Person)",
                ],
              },
            },
          ],
        },
      },
    ],
    "segments": {
      "definitions": [
        {
          "elementReferences": [
            {
              "hideConditions": [
                {
                  "precondition": {
                    "@error": [
                      "The path 'Person/person/date' can not be resolved in the Document Model (Person)",
                    ],
                  },
                },
              ],
            },
            {
              "hideConditions": [
                {
                  "precondition": {
                    "@error": [
                      "The path 'Person/person/date' can not be resolved in the Document Model (Person)",
                    ],
                  },
                },
                {
                  "precondition": {
                    "@error": [
                      "The path 'Person/person/name1' can not be resolved in the Document Model (Person)",
                    ],
                  },
                },
              ],
            },
          ],
        },
        {
          "dataContexts": [
            {
              "path": {
                "@error": [
                  "The path 'Person/person/repeat' can not be resolved in the Document Model (Person)",
                ],
              },
            },
          ],
        },
      ],
    },
    "watermarks": {
      "definitions": [
        {
          "conditions": [
            {
              "precondition": {
                "@error": [
                  "The path 'Person/person/date' can not be resolved in the Document Model (Person)",
                ],
              },
            },
          ],
        },
        {
          "conditions": [
            {
              "precondition": {
                "@error": [
                  "The path 'Person/person/date' can not be resolved in the Document Model (Person)",
                ],
              },
            },
          ],
        },
      ],
    },
  },
}
`;

exports[`validateDocumentModelReferences should have no errors in all paths 1`] = `
{
  "content": {
    "elementDefinitions": [
      {},
      {},
      {},
      {},
      {},
      {},
      {},
      {},
      {
        "listing": {
          "columns": [
            {},
            {
              "default": {
                "valueComputationAlternatives": [
                  {
                    "operation": {
                      "@warning": [
                        "Person/person/repeat/name points to the first element of a repeatable group. Use [value] to list all repetitions.",
                      ],
                    },
                    "precondition": {
                      "@warning": [
                        "Person/person/repeat/name points to the first element of a repeatable group. Use [value] to list all repetitions.",
                      ],
                    },
                  },
                ],
              },
            },
          ],
        },
      },
    ],
  },
}
`;
