Width: 20
Line1: Wort
Line2: §1 Abs.
Line3:  1 wort
Line4: §22 Abs
Line5: . 22
Line6: wort
Line7: §333 Ab
Line8: s. 333
Line9: wort

Width: 22
Line1: Wort
Line2: §1 Abs. 1
Line3:  wort
Line4: §22 Abs.
Line5:  22 wort
Line6: §333 Abs
Line7: . 333
Line8: wort

Width: 24
Line1: Wort
Line2: §1 Abs. 1
Line3: wort
Line4: §22 Abs. 2
Line5: 2 wort
Line6: §333 Abs.
Line7:  333 wort

Width: 26
Line1: Wort
Line2: §1 Abs. 1
Line3: wort
Line4: §22 Abs. 2
Line5: 2 wort
Line6: §333 Abs. 3
Line7: 33 wort

Width: 28
Line1: Wort
Line2: §1 Abs. 1
Line3: wort
Line4: §22 Abs. 22
Line5: wort
Line6: §333 Abs. 3
Line7: 33 wort

Width: 30
Line1: Wort
Line2: §1 Abs. 1
Line3: wort
Line4: §22 Abs. 22
Line5: wort
Line6: §333 Abs. 3
Line7: 33 wort

Width: 32
Line1: Wort
Line2: §1 Abs. 1
Line3: wort
Line4: §22 Abs. 22
Line5: wort
Line6: §333 Abs. 33
Line7: 3 wort

Width: 34
Line1: Wort
Line2: §1 Abs. 1
Line3: wort
Line4: §22 Abs. 22
Line5: wort
Line6: §333 Abs. 333
Line7: wort

Width: 36
Line1: Wort §1 Abs. 1
Line2: wort
Line3: §22 Abs. 22
Line4: wort
Line5: §333 Abs. 333
Line6: wort

Width: 38
Line1: Wort §1 Abs. 1
Line2: wort
Line3: §22 Abs. 22
Line4: wort
Line5: §333 Abs. 333
Line6: wort

Width: 40
Line1: Wort §1 Abs. 1
Line2: wort
Line3: §22 Abs. 22
Line4: wort
Line5: §333 Abs. 333
Line6: wort

Width: 42
Line1: Wort §1 Abs. 1
Line2: wort §22 Abs. 22
Line3: wort
Line4: §333 Abs. 333
Line5: wort

Width: 44
Line1: Wort §1 Abs. 1
Line2: wort §22 Abs. 22
Line3: wort
Line4: §333 Abs. 333
Line5: wort

Width: 46
Line1: Wort §1 Abs. 1
Line2: wort §22 Abs. 22
Line3: wort §333 Abs. 333
Line4: wort

Width: 48
Line1: Wort §1 Abs. 1
Line2: wort §22 Abs. 22
Line3: wort §333 Abs. 333
Line4: wort

Width: 50
Line1: Wort §1 Abs. 1 wort
Line2: §22 Abs. 22 wort
Line3: §333 Abs. 333 wort

Width: 52
Line1: Wort §1 Abs. 1 wort
Line2: §22 Abs. 22 wort
Line3: §333 Abs. 333 wort

Width: 54
Line1: Wort §1 Abs. 1 wort
Line2: §22 Abs. 22 wort
Line3: §333 Abs. 333 wort

Width: 56
Line1: Wort §1 Abs. 1 wort
Line2: §22 Abs. 22 wort
Line3: §333 Abs. 333 wort

Width: 58
Line1: Wort §1 Abs. 1 wort
Line2: §22 Abs. 22 wort
Line3: §333 Abs. 333 wort

Width: 60
Line1: Wort §1 Abs. 1 wort
Line2: §22 Abs. 22 wort
Line3: §333 Abs. 333 wort

Width: 62
Line1: Wort §1 Abs. 1 wort
Line2: §22 Abs. 22 wort
Line3: §333 Abs. 333 wort

Width: 64
Line1: Wort §1 Abs. 1 wort
Line2: §22 Abs. 22 wort
Line3: §333 Abs. 333 wort

Width: 66
Line1: Wort §1 Abs. 1 wort
Line2: §22 Abs. 22 wort
Line3: §333 Abs. 333 wort

Width: 68
Line1: Wort §1 Abs. 1 wort
Line2: §22 Abs. 22 wort
Line3: §333 Abs. 333 wort

Width: 70
Line1: Wort §1 Abs. 1 wort
Line2: §22 Abs. 22 wort
Line3: §333 Abs. 333 wort

Width: 72
Line1: Wort §1 Abs. 1 wort
Line2: §22 Abs. 22 wort
Line3: §333 Abs. 333 wort

Width: 74
Line1: Wort §1 Abs. 1 wort
Line2: §22 Abs. 22 wort
Line3: §333 Abs. 333 wort

Width: 76
Line1: Wort §1 Abs. 1 wort
Line2: §22 Abs. 22 wort
Line3: §333 Abs. 333 wort

Width: 78
Line1: Wort §1 Abs. 1 wort
Line2: §22 Abs. 22 wort §333 Abs. 333
Line3: wort

Width: 80
Line1: Wort §1 Abs. 1 wort §22 Abs. 22
Line2: wort §333 Abs. 333 wort

Width: 82
Line1: Wort §1 Abs. 1 wort §22 Abs. 22
Line2: wort §333 Abs. 333 wort

Width: 84
Line1: Wort §1 Abs. 1 wort §22 Abs. 22
Line2: wort §333 Abs. 333 wort

Width: 86
Line1: Wort §1 Abs. 1 wort §22 Abs. 22
Line2: wort §333 Abs. 333 wort

Width: 88
Line1: Wort §1 Abs. 1 wort §22 Abs. 22
Line2: wort §333 Abs. 333 wort

Width: 90
Line1: Wort §1 Abs. 1 wort §22 Abs. 22
Line2: wort §333 Abs. 333 wort

Width: 92
Line1: Wort §1 Abs. 1 wort §22 Abs. 22 wort
Line2: §333 Abs. 333 wort

Width: 94
Line1: Wort §1 Abs. 1 wort §22 Abs. 22 wort
Line2: §333 Abs. 333 wort

Width: 96
Line1: Wort §1 Abs. 1 wort §22 Abs. 22 wort
Line2: §333 Abs. 333 wort

Width: 98
Line1: Wort §1 Abs. 1 wort §22 Abs. 22 wort
Line2: §333 Abs. 333 wort

Width: 100
Line1: Wort §1 Abs. 1 wort §22 Abs. 22 wort
Line2: §333 Abs. 333 wort

