Width: 20
Line1: This is
Line2: a bold
Line3: test
Line4: with
Line5: italic
Line6: words.
Line7: Another
Line8: paragra
Line9: ph with
Line10: some
Line11: longerw
Line12: ordforh
Line13: yphenat
Line14: ion
Line15: testing
Line16: . Final
Line17: line
Line18: with
Line19: numbers
Line20: 12345
Line21: and
Line22: symbols
Line23: .

Width: 22
Line1: This is
Line2: a bold
Line3: test
Line4: with
Line5: italic
Line6: words.
Line7: Another
Line8: paragrap
Line9: h with
Line10: some
Line11: longerwo
Line12: rdforhyp
Line13: henation
Line14: testing.
Line15: Final
Line16: line
Line17: with
Line18: numbers
Line19: 12345
Line20: and
Line21: symbols.

Width: 24
Line1: This is a
Line2: bold test
Line3: with
Line4: italic
Line5: words.
Line6: Another
Line7: paragraph
Line8: with some
Line9: longerwor
Line10: dforhyphe
Line11: nation
Line12: testing.
Line13: Final
Line14: line with
Line15: numbers
Line16: 12345 and
Line17: symbols.

Width: 26
Line1: This is a
Line2: bold test
Line3: with
Line4: italic
Line5: words.
Line6: Another
Line7: paragraph
Line8: with some
Line9: longerword
Line10: forhyphena
Line11: tion
Line12: testing.
Line13: Final line
Line14: with
Line15: numbers
Line16: 12345 and
Line17: symbols.

Width: 28
Line1: This is a
Line2: bold test
Line3: with italic
Line4: words.
Line5: Another
Line6: paragraph
Line7: with some
Line8: longerwordf
Line9: orhyphenati
Line10: on testing.
Line11: Final line
Line12: with
Line13: numbers
Line14: 12345 and
Line15: symbols.

Width: 30
Line1: This is a
Line2: bold test
Line3: with italic
Line4: words.
Line5: Another
Line6: paragraph
Line7: with some
Line8: longerwordf
Line9: orhyphenati
Line10: on testing.
Line11: Final line
Line12: with
Line13: numbers
Line14: 12345 and
Line15: symbols.

Width: 32
Line1: This is a
Line2: bold test
Line3: with italic
Line4: words.
Line5: Another
Line6: paragraph
Line7: with some
Line8: longerwordfo
Line9: rhyphenation
Line10: testing.
Line11: Final line
Line12: with numbers
Line13: 12345 and
Line14: symbols.

Width: 34
Line1: This is a
Line2: bold test
Line3: with italic
Line4: words.
Line5: Another
Line6: paragraph
Line7: with some
Line8: longerwordfor
Line9: hyphenation
Line10: testing.
Line11: Final line
Line12: with numbers
Line13: 12345 and
Line14: symbols.

Width: 36
Line1: This is a bold
Line2: test with
Line3: italic words.
Line4: Another
Line5: paragraph with
Line6: some
Line7: longerwordforh
Line8: yphenation
Line9: testing. Final
Line10: line with
Line11: numbers 12345
Line12: and symbols.

Width: 38
Line1: This is a bold
Line2: test with
Line3: italic words.
Line4: Another
Line5: paragraph with
Line6: some
Line7: longerwordforh
Line8: yphenation
Line9: testing. Final
Line10: line with
Line11: numbers 12345
Line12: and symbols.

Width: 40
Line1: This is a bold
Line2: test with
Line3: italic words.
Line4: Another
Line5: paragraph with
Line6: some
Line7: longerwordforhy
Line8: phenation
Line9: testing. Final
Line10: line with
Line11: numbers 12345
Line12: and symbols.

Width: 42
Line1: This is a bold
Line2: test with italic
Line3: words. Another
Line4: paragraph with
Line5: some
Line6: longerwordforhyp
Line7: henation
Line8: testing. Final
Line9: line with
Line10: numbers 12345
Line11: and symbols.

Width: 44
Line1: This is a bold
Line2: test with italic
Line3: words. Another
Line4: paragraph with
Line5: some
Line6: longerwordforhyph
Line7: enation testing.
Line8: Final line with
Line9: numbers 12345 and
Line10: symbols.

Width: 46
Line1: This is a bold
Line2: test with italic
Line3: words. Another
Line4: paragraph with
Line5: some
Line6: longerwordforhyphe
Line7: nation testing.
Line8: Final line with
Line9: numbers 12345 and
Line10: symbols.

Width: 48
Line1: This is a bold
Line2: test with italic
Line3: words. Another
Line4: paragraph with
Line5: some
Line6: longerwordforhyphe
Line7: nation testing.
Line8: Final line with
Line9: numbers 12345 and
Line10: symbols.

Width: 50
Line1: This is a bold test
Line2: with italic words.
Line3: Another paragraph
Line4: with some
Line5: longerwordforhyphen
Line6: ation testing.
Line7: Final line with
Line8: numbers 12345 and
Line9: symbols.

Width: 52
Line1: This is a bold test
Line2: with italic words.
Line3: Another paragraph
Line4: with some
Line5: longerwordforhyphena
Line6: tion testing. Final
Line7: line with numbers
Line8: 12345 and symbols.

Width: 54
Line1: This is a bold test
Line2: with italic words.
Line3: Another paragraph
Line4: with some
Line5: longerwordforhyphenat
Line6: ion testing. Final
Line7: line with numbers
Line8: 12345 and symbols.

Width: 56
Line1: This is a bold test
Line2: with italic words.
Line3: Another paragraph with
Line4: some
Line5: longerwordforhyphenati
Line6: on testing. Final line
Line7: with numbers 12345 and
Line8: symbols.

Width: 58
Line1: This is a bold test
Line2: with italic words.
Line3: Another paragraph with
Line4: some
Line5: longerwordforhyphenati
Line6: on testing. Final line
Line7: with numbers 12345 and
Line8: symbols.

Width: 60
Line1: This is a bold test
Line2: with italic words.
Line3: Another paragraph with
Line4: some
Line5: longerwordforhyphenatio
Line6: n testing. Final line
Line7: with numbers 12345 and
Line8: symbols.

Width: 62
Line1: This is a bold test with
Line2: italic words. Another
Line3: paragraph with some
Line4: longerwordforhyphenation
Line5: testing. Final line with
Line6: numbers 12345 and
Line7: symbols.

Width: 64
Line1: This is a bold test with
Line2: italic words. Another
Line3: paragraph with some
Line4: longerwordforhyphenation
Line5: testing. Final line with
Line6: numbers 12345 and
Line7: symbols.

Width: 66
Line1: This is a bold test with
Line2: italic words. Another
Line3: paragraph with some
Line4: longerwordforhyphenation
Line5: testing. Final line with
Line6: numbers 12345 and
Line7: symbols.

Width: 68
Line1: This is a bold test with
Line2: italic words. Another
Line3: paragraph with some
Line4: longerwordforhyphenation
Line5: testing. Final line with
Line6: numbers 12345 and symbols.

Width: 70
Line1: This is a bold test with
Line2: italic words. Another
Line3: paragraph with some
Line4: longerwordforhyphenation
Line5: testing. Final line with
Line6: numbers 12345 and symbols.

Width: 72
Line1: This is a bold test with
Line2: italic words. Another
Line3: paragraph with some
Line4: longerwordforhyphenation
Line5: testing. Final line with
Line6: numbers 12345 and symbols.

Width: 74
Line1: This is a bold test with
Line2: italic words. Another
Line3: paragraph with some
Line4: longerwordforhyphenation
Line5: testing. Final line with
Line6: numbers 12345 and symbols.

Width: 76
Line1: This is a bold test with
Line2: italic words. Another
Line3: paragraph with some
Line4: longerwordforhyphenation
Line5: testing. Final line with
Line6: numbers 12345 and symbols.

Width: 78
Line1: This is a bold test with
Line2: italic words. Another
Line3: paragraph with some
Line4: longerwordforhyphenation
Line5: testing. Final line with
Line6: numbers 12345 and symbols.

Width: 80
Line1: This is a bold test with italic
Line2: words. Another paragraph with
Line3: some longerwordforhyphenation
Line4: testing. Final line with
Line5: numbers 12345 and symbols.

Width: 82
Line1: This is a bold test with italic
Line2: words. Another paragraph with
Line3: some longerwordforhyphenation
Line4: testing. Final line with numbers
Line5: 12345 and symbols.

Width: 84
Line1: This is a bold test with italic
Line2: words. Another paragraph with
Line3: some longerwordforhyphenation
Line4: testing. Final line with numbers
Line5: 12345 and symbols.

Width: 86
Line1: This is a bold test with italic
Line2: words. Another paragraph with
Line3: some longerwordforhyphenation
Line4: testing. Final line with numbers
Line5: 12345 and symbols.

Width: 88
Line1: This is a bold test with italic
Line2: words. Another paragraph with some
Line3: longerwordforhyphenation testing.
Line4: Final line with numbers 12345 and
Line5: symbols.

Width: 90
Line1: This is a bold test with italic
Line2: words. Another paragraph with some
Line3: longerwordforhyphenation testing.
Line4: Final line with numbers 12345 and
Line5: symbols.

Width: 92
Line1: This is a bold test with italic
Line2: words. Another paragraph with some
Line3: longerwordforhyphenation testing.
Line4: Final line with numbers 12345 and
Line5: symbols.

Width: 94
Line1: This is a bold test with italic
Line2: words. Another paragraph with some
Line3: longerwordforhyphenation testing.
Line4: Final line with numbers 12345 and
Line5: symbols.

Width: 96
Line1: This is a bold test with italic
Line2: words. Another paragraph with some
Line3: longerwordforhyphenation testing.
Line4: Final line with numbers 12345 and
Line5: symbols.

Width: 98
Line1: This is a bold test with italic words.
Line2: Another paragraph with some
Line3: longerwordforhyphenation testing.
Line4: Final line with numbers 12345 and
Line5: symbols.

Width: 100
Line1: This is a bold test with italic words.
Line2: Another paragraph with some
Line3: longerwordforhyphenation testing. Final
Line4: line with numbers 12345 and symbols.

